// Jest Snapshot v1, https://goo.gl/fbAQLP

exports[`renders selector component 1`] = `
<div>
  <section>
    <label>
      Head
      <select>
        <option
          disabled=""
          hidden=""
          value=""
        >
          Please Choose...
        </option>
        <option
          data-testid="cowboy"
          value="cowboy"
        >
          cowboy
        </option>
        <option
          data-testid="green"
          value="green"
        >
          green
        </option>
        <option
          data-testid="top"
          value="top"
        >
          top
        </option>
        <option
          data-testid="wizard"
          value="wizard"
        >
          wizard
        </option>
      </select>
    </label>
    <label>
      Torso
      <select>
        <option
          disabled=""
          hidden=""
          value=""
        >
          Please Choose...
        </option>
        <option
          data-testid="cowboy"
          value="cowboy"
        >
          cowboy
        </option>
        <option
          data-testid="formal"
          value="formal"
        >
          formal
        </option>
        <option
          data-testid="jacket"
          value="jacket"
        >
          jacket
        </option>
      </select>
    </label>
    <label>
      Bottom
      <select>
        <option
          disabled=""
          hidden=""
          value=""
        >
          Please Choose...
        </option>
        <option
          data-testid="cowboy"
          value="cowboy"
        >
          cowboy
        </option>
        <option
          data-testid="jean"
          value="jean"
        >
          jean
        </option>
        <option
          data-testid="diaper"
          value="diaper"
        >
          diaper
        </option>
        <option
          data-testid="skirt"
          value="skirt"
        >
          skirt
        </option>
        <option
          data-testid="suit"
          value="suit"
        >
          suit
        </option>
      </select>
    </label>
    <label>
      Catchphrase
      <input
        type="text"
        value=""
      />
    </label>
    <button>
      Add Catchphrase
    </button>
  </section>
</div>
`;
