// Jest Snapshot v1, https://goo.gl/fbAQLP

exports[`renders UserInput component 1`] = `
<div>
  <section>
    <label>
      Head
      <select>
        <option
          disabled=""
          hidden=""
          value=""
        >
          Please Choose...
        </option>
        <option
          data-testid="cowboy-hat"
          value="cowboy-hat"
        >
          cowboy-hat
        </option>
        <option
          data-testid="green-hat"
          value="green-hat"
        >
          green-hat
        </option>
        <option
          data-testid="top-hat"
          value="top-hat"
        >
          top-hat
        </option>
        <option
          data-testid="wizard-hat"
          value="wizard-hat"
        >
          wizard-hat
        </option>
      </select>
    </label>
    <label>
      Torso
      <select>
        <option
          disabled=""
          hidden=""
          value=""
        >
          Please Choose...
        </option>
        <option
          data-testid="cowboy-torso"
          value="cowboy-torso"
        >
          cowboy-torso
        </option>
        <option
          data-testid="formal-torso"
          value="formal-torso"
        >
          formal-torso
        </option>
        <option
          data-testid="jacket-torso"
          value="jacket-torso"
        >
          jacket-torso
        </option>
      </select>
    </label>
    <label>
      Bottom
      <select>
        <option
          disabled=""
          hidden=""
          value=""
        >
          Please Choose...
        </option>
        <option
          data-testid="cowboy-bottom"
          value="cowboy-bottom"
        >
          cowboy-bottom
        </option>
        <option
          data-testid="jean-bottom"
          value="jean-bottom"
        >
          jean-bottom
        </option>
        <option
          data-testid="diaper-bottom"
          value="diaper-bottom"
        >
          diaper-bottom
        </option>
        <option
          data-testid="skirt-bottom"
          value="skirt-bottom"
        >
          skirt-bottom
        </option>
        <option
          data-testid="suit-bottom"
          value="suit-bottom"
        >
          suit-bottom
        </option>
      </select>
    </label>
    <label>
      Catchphrase
      <input
        type="text"
        value=""
      />
    </label>
    <button>
      Add Catchphrase
    </button>
  </section>
</div>
`;
